// Jest Snapshot v1, https://goo.gl/fbAQLP

exports[`Login Component matches snapshot 1`] = `
<div>
  <div
    class="login-container"
  >
    <div
      class="login-box"
    >
      <h3
        class="login-title"
      >
        Please login to continue...
      </h3>
      <h1
        class="login-title"
      >
        Employee Polls
      </h1>
      <form
        class="login"
      >
        <div
          class="form-group"
        >
          <input
            autocomplete="username"
            class=""
            id="username"
            name="username"
            placeholder="Enter your username"
            type="text"
            value="johndoe"
          />
        </div>
        <div
          class="form-group"
        >
          <input
            autocomplete="current-password"
            class=""
            id="password"
            name="password"
            placeholder="Enter your password"
            type="password"
            value="pass123"
          />
        </div>
        <button
          class="submit-button "
          type="submit"
        >
          Sign In
        </button>
      </form>
      <div
        class="login-footer"
      />
    </div>
  </div>
</div>
`;
